00:00 +0: loading D:/dividex_dacn/integration_test/debt_test.dart
Running Gradle task 'assembleDebug'...                             50.4s
ΓêÜ Built build\app\outputs\flutter-apk\app-debug.apk
Installing build\app\outputs\flutter-apk\app-debug.apk...           8.6s
00:00 +0: (setUpAll)
00:00 +0: Transfer_Full_Test - Transfer flow functional tests Transfer_1 - Complete transfer flow: recipient ΓåÆ amount ΓåÆ PIN ΓåÆ success
00:14 +1: Transfer_Full_Test - Transfer flow functional tests Transfer_2 - Validation: Submit without amount should not proceed
00:17 +2: Transfer_Full_Test - Transfer flow functional tests Transfer_3 - Validation: Submit without recipient should not proceed
00:20 +3: Transfer_Full_Test - Transfer flow functional tests Transfer_4 - Validation: Zero amount should not proceed
00:24 +4: Transfer_Full_Test - Transfer flow functional tests Transfer_5 - PIN validation: Short PIN should not be accepted
00:32 +5: Transfer_Full_Test - Transfer flow functional tests Transfer_6 - PIN validation: Empty PIN should not proceed
00:38 +6: Transfer_Full_Test - Transfer flow functional tests Transfer_7 - Large amount transfer page displays correctly
00:40 +7: Transfer_Full_Test - Transfer flow functional tests Transfer_8 - Custom amount input on transfer page
00:43 +8: Transfer_Full_Test - Transfer flow functional tests Transfer_9 - Transfer page loads with minimum amount
00:45 +9: Transfer_Full_Test - Transfer flow functional tests Transfer_10 - Transfer page with insufficient funds notification
00:47 +10: Debt_Flow - Debt settlement and payment flows Debt_1 - Group page displays group with debt
00:50 +11: Debt_Flow - Debt settlement and payment flows Debt_2 - Settle up button appears for debt users
00:52 +12: Debt_Flow - Debt settlement and payment flows Debt_3 - Pay outside option dismisses popup and stays on group page

Warning: A call to tap() with finder "Found 1 widget with type "ElevatedButton" (ignoring all but first): [
  ElevatedButton(style: ButtonStyle#5ea7d(backgroundColor: Instance of '_WidgetStatePropertyWith<Color?>', foregroundColor: Instance of '_WidgetStatePropertyWith<Color?>', elevation: WidgetStatePropertyAll(0.0), minimumSize: WidgetStatePropertyAll(Size(140.0, 44.0)), maximumSize: WidgetStatePropertyAll(Size(140.0, 44.0)), shape: WidgetStatePropertyAll(RoundedRectangleBorder(BorderSide(width: 0.0, style: none), BorderRadius.circular(15.0)))), dependencies: [IconTheme, InheritedCupertinoTheme, MediaQuery, _InheritedTheme, _LocalizationsScope-[GlobalKey#04870]], state: _ButtonStyleState#8150b),
]" derived an Offset (Offset(190.3, 433.0)) that would not hit test on the specified widget.
Maybe the widget is actually off-screen, or another widget is obscuring it, or the widget cannot receive pointer events.
The finder corresponds to this RenderBox: RenderSemanticsAnnotations#3eeaf relayoutBoundary=up46
The hit test result at that offset is: HitTestResult(HitTestEntry<HitTestTarget>#6e509(TextSpan(" th├┤ng qua chuyß╗ân khoß║ún trong app hoß║╖c c├íc ph╞░╞íng ph├íp trß║ú ngo├ái.")), RenderParagraph#c3309@Offset(146.3, 36.5), RenderFlex#57f13@Offset(146.3, 68.5), _RenderSingleChildViewport#f2ca1@Offset(146.3, 68.5), RenderIgnorePointer#57a86@Offset(146.3, 68.5), RenderSemanticsAnnotations#2996d@Offset(146.3, 68.5), RenderPointerListener#b6710@Offset(146.3, 68.5), RenderSemanticsGestureHandler#843af@Offset(146.3, 68.5), RenderPointerListener#0f914@Offset(146.3, 68.5), _RenderScrollSemantics#da402@Offset(146.3, 68.5), RenderClipRect#3ad32@Offset(146.3, 68.5), RenderFlex#cbed8@Offset(146.3, 68.5), RenderPadding#3ce55@Offset(166.3, 88.5), RenderConstrainedBox#d35da@Offset(166.3, 88.5), _RenderInkFeatures#6cf84@Offset(166.3, 88.5), RenderCustomPaint#423f2@Offset(166.3, 88.5), RenderPhysicalShape#25d9e@Offset(166.3, 88.5), RenderConstrainedBox#42678@Offset(166.3, 88.5), RenderPositionedBox#f03d0@Offset(166.3, 380.8), RenderPadding#3b5e9@Offset(190.3, 404.8), RenderSemanticsAnnotations#6473b@Offset(190.3, 404.8), RenderPadding#1e5bf@Offset(190.3, 433.0), RenderPadding#3ea71@Offset(190.3, 433.0), RenderSemanticsAnnotations#0e4f7@Offset(190.3, 433.0), RenderRepaintBoundary#deb01@Offset(190.3, 433.0), RenderIgnorePointer#4c72f@Offset(190.3, 433.0), RenderAnimatedOpacity#1c870@Offset(190.3, 433.0), RenderRepaintBoundary#c5237@Offset(190.3, 433.0), RenderSemanticsAnnotations#ba3ee@Offset(190.3, 433.0), RenderOffstage#00ba5@Offset(190.3, 433.0), RenderSemanticsAnnotations#56e3d@Offset(190.3, 433.0), _RenderTheater#99afe@Offset(190.3, 433.0), RenderAbsorbPointer#b45e7@Offset(190.3, 433.0), RenderPointerListener#eb4ae@Offset(190.3, 433.0), RenderCustomPaint#af256@Offset(190.3, 433.0), RenderSemanticsAnnotations#bd4ce@Offset(190.3, 433.0), RenderSemanticsAnnotations#3b2cf@Offset(190.3, 433.0), RenderTapRegionSurface#7c80e@Offset(190.3, 433.0), RenderSemanticsAnnotations#46727@Offset(190.3, 433.0), RenderSemanticsAnnotations#30a41@Offset(190.3, 433.0), RenderSemanticsAnnotations#5815f@Offset(190.3, 433.0), HitTestEntry<HitTestTarget>#1a8b8(_ReusableRenderView#514f1), HitTestEntry<HitTestTarget>#aea88(<IntegrationTestWidgetsFlutterBinding>))
#0      WidgetController._getElementPoint (package:flutter_test/src/controller.dart:2077:25)
#1      WidgetController.getCenter (package:flutter_test/src/controller.dart:1861:12)
#2      WidgetController.tap (package:flutter_test/src/controller.dart:1041:7)
#3      main.<anonymous closure>.<anonymous closure> (file:///D:/dividex_dacn/integration_test/debt_test.dart:749:26)
<asynchronous suspension>
#4      testWidgets.<anonymous closure>.<anonymous closure> (package:flutter_test/src/widget_tester.dart:192:15)
<asynchronous suspension>
#5      TestWidgetsFlutterBinding._runTestBody (package:flutter_test/src/binding.dart:1059:5)
<asynchronous suspension>
#6      StackZoneSpecification._registerCallback.<anonymous closure> (package:stack_trace/src/stack_zone_specification.dart:114:42)
<asynchronous suspension>
To silence this warning, pass "warnIfMissed: false" to "tap()".
To make this warning fatal, set WidgetController.hitTestWarningShouldBeFatal to true.

00:57 +13: Debt_Flow - Debt settlement and payment flows Debt_4 - Pay in app navigates to TransferPage with correct user
01:04 +14: GroupDetail - Group detail page UI rendering GroupDetail_1 - Group detail page loads with bloc provider
01:05 +15: GroupDetail - Group detail page UI rendering GroupDetail_2 - Group detail displays UI elements from page
01:06 +16: GroupDetail - Group detail page UI rendering GroupDetail_3 - Group detail renders scaffold and widgets
01:07 +17: GroupReport - Group statistics and reports GroupReport_1 - Group report page loads with bloc provider
01:08 +18: GroupReport - Group statistics and reports GroupReport_2 - Group report displays UI elements from page
01:09 +19: GroupReport - Group statistics and reports GroupReport_3 - Group report renders scaffold and widgets
01:11 +20: (tearDownAll)
01:11 +20: All tests passed!
